INFO:root:info test
INFO:root:info test
INFO:root:info test test2
INFO:root:info test test2
